[backblue.gif]
[fade.gif]
[index.html]
[www.12306.cn/index/images/favicon.ico]
[www.12306.cn/index/images/loading4.gif]
[www.12306.cn/index/images/loading.gif]
[www.12306.cn/index/images/link05.png]
[www.12306.cn/index/index.html]
[www.12306.cn/index/images/link02.png]
[www.12306.cn/index/images/link03.png]
[www.12306.cn/index/fonts/iconfont.css]
[www.12306.cn/index/images/zgtlwb.png]
[www.12306.cn/index/images/link04.png]
[www.12306.cn/index/images/zgtlwx.png]
[www.12306.cn/index/images/public.png]
[www.12306.cn/index/images/gongan.png]
[www.12306.cn/index/images/footer-slh.jpg]
[www.12306.cn/index/images/download.png]
[www.12306.cn/index/script/core/common/qss.js]
[www.12306.cn/index/script/core/common/station_name_new_v10093.js]
[www.12306.cn/index/script/core/lib/require.js]
[kyfw.12306.cn/otn/resources/route/www.12306.cn/route.js]
[www.12306.cn/index/fonts/iconfont716f.woff]
[www.12306.cn/index/fonts/iconfont716f.ttf]
[www.12306.cn/index/images/line01.png]
[www.12306.cn/index/images/line01@2x.png]
[www.12306.cn/index/images/service.png]
[www.12306.cn/index/images/service@2x.png]
[www.12306.cn/index/images/check.png]
[www.12306.cn/index/images/check@2x.png]
[www.12306.cn/index/images/bg-train.png]
[www.12306.cn/index/images/bg-train@2x.png]
[www.12306.cn/index/images/loading3.gif]
[www.12306.cn/index/images/error.png]
[www.12306.cn/index/images/to01.png]
[www.12306.cn/index/images/to01@2x.png]
[www.12306.cn/index/images/to02.png]
[www.12306.cn/index/images/to02@2x.png]
[www.12306.cn/index/images/logo.png]
[www.12306.cn/index/images/logo@2x.png]
[www.12306.cn/index/css/index_y_v50003.css]
[www.12306.cn/index/images/train.png]
[www.12306.cn/index/images/train@2x.png]
[www.12306.cn/index/images/img_new.png]
[libs.baidu.com/jquery/1.9.0/jquery.js]
[www.shike.org.cn/static/template/images/a-pic.jpg]
[js.users.51.la/2882802.js]
[www.shike.org.cn/imge/11.html]
[libs.baidu.com/jquery/1.9.0/jquery.js]
[www.shike.org.cn/static/img/ico_username.gif]
[www.shike.org.cn/static/img/basic.gif]
[www.shike.org.cn/static/img/btn.gif]
[www.shike.org.cn/static/img/logo_1x.png]
[www.shike.org.cn/static/img/logo_2x.png]
[www.shike.org.cn/static/img/phone_1x.jpg]
[www.shike.org.cn/static/img/phone_2x.jpg]
[www.shike.org.cn/static/img/search.gif]
[tucowsdomains.com/wp-content/themes/tucowsdomains/images/background_form_text_top.gif]
[www.shike.org.cn/static/img/navtabs.gif]
[www.shike.org.cn/static/img/navitem.png]
[www.shike.org.cn/static/img/gradient-bg.gif]
[www.shike.org.cn/static/img/domain-status.gif]
[www.shike.org.cn/static/img/eastvalley.jpg]
[www.shike.org.cn/static/img/banana.gif]
[www.shike.org.cn/static/img/action_notice2.gif]
[www.shike.org.cn/static/img/ico_filter.gif]
[www.shike.org.cn/static/img/ico_tips.gif]
[www.shike.org.cn/static/img/mr.gif]
[www.shike.org.cn/static/img/num.gif]
[www.shike.org.cn/static/img/sort.gif]
[www.shike.org.cn/static/img/loading.gif]
[www.shike.org.cn/static/img/btnicons.png]
[www.shike.org.cn/static/img/pager.png]
[www.shike.org.cn/static/img/livebox.gif]
[www.shike.org.cn/static/img/showcase.gif]
[www.shike.org.cn/static/img/exchange.png]
[www.shike.org.cn/static/img/qa.gif]
[www.shike.org.cn/static/img/expand.gif]
[www.shike.org.cn/static/img/button.gif]
[www.shike.org.cn/static/img/action_failure.gif]
[www.shike.org.cn/static/img/action_success.gif]
[www.shike.org.cn/static/img/action_close.gif]
[www.shike.org.cn/static/img/lg-g-bg.gif]
[www.shike.org.cn/static/img/lg-y-bg.gif]
[www.shike.org.cn/static/img/close.png]
[www.shike.org.cn/static/img/payment/allbank.png]
[www.shike.org.cn/static/img/toolbar_app_off.png]
[www.shike.org.cn/static/img/toolbar_app_on.png]
[www.shike.org.cn/static/img/toolbar_con_arrow.png]
[www.shike.org.cn/static/img/toolbar_microapp_off.png]
[www.shike.org.cn/static/img/toolbar_microapp_on.png]
[www.shike.org.cn/static/img/toolbar_wechat_off.png]
[www.shike.org.cn/static/img/toolbar_wechat_on.png]
[www.shike.org.cn/static/img/toolbar_whois_off.png]
[www.shike.org.cn/static/img/toolbar_whois_on.png]
[www.shike.org.cn/static/img/toolbar_scroll_off.png]
[www.shike.org.cn/static/img/toolbar_scroll_on.png]
[www.shike.org.cn/static/img/kefu_normal.png]
[www.shike.org.cn/static/img/kefu_pressed.png]
[www.shike.org.cn/static/img/style.css]
[www.shike.org.cn/static/template/images/a-header-bg.jpg]
[www.shike.org.cn/static/template/images/a-banner.jpg]
[www.shike.org.cn/static/template/images/a-content-bg.jpg]
[www.shike.org.cn/static/template/images/b-header-bg.jpg]
[www.shike.org.cn/static/template/images/b-banner.jpg]
[www.shike.org.cn/static/template/images/c-banner.jpg]
[www.shike.org.cn/static/template/images/d-banner.jpg]
[www.shike.org.cn/static/template/images/d-line.png]
[www.shike.org.cn/static/template/images/e-banner.jpg]
[www.shike.org.cn/static/template/images/f-banner-bg.jpg]
[www.shike.org.cn/static/template/images/f-banner.jpg]
[www.shike.org.cn/static/template/images/g-banner.jpg]
[www.shike.org.cn/static/template/images/h-bg.jpg]
[www.shike.org.cn/static/template/images/h-contact-bg.png]
[www.shike.org.cn/static/template/images/i-bg.jpg]
[www.shike.org.cn/static/template/images/i-banner.jpg]
[www.shike.org.cn/static/template/images/i-name.jpg]
[www.shike.org.cn/static/template/images/j-bg.jpg]
[www.shike.org.cn/static/template/images/j-layout.png]
[www.shike.org.cn/static/template/images/icon.png]
[www.shike.org.cn/static/template/images/tips-bg.jpg]
[www.shike.org.cn/static/template/stencil.css]
[www.shike.org.cn/static/images/hot.html]
[www.shike.org.cn/static/img/ico_password.gif]
