[backblue.gif]
[fade.gif]
[index.html]
[www.12306.cn/index/images/favicon.ico]
[www.12306.cn/index/images/loading.gif]
[www.12306.cn/index/images/loading4.gif]
[www.12306.cn/index/images/link05.png]
[www.12306.cn/index/images/link02.png]
[www.12306.cn/index/images/link03.png]
[www.12306.cn/index/images/link04.png]
[www.12306.cn/index/images/zgtlwb.png]
[www.12306.cn/index/images/zgtlwx.png]
[www.12306.cn/index/images/public.png]
[www.12306.cn/index/images/download.png]
[www.12306.cn/index/images/gongan.png]
[www.12306.cn/index/images/footer-slh.jpg]
[www.12306.cn/index/script/core/common/qss.js]
[www.12306.cn/index/script/core/common/station_name_new_v10093.js]
[www.12306.cn/index/script/core/lib/require.js]
[kyfw.12306.cn/otn/resources/route/www.12306.cn/route.js]
[www.12306.cn/index/index.html]
[www.12306.cn/index/fonts/iconfont716f.woff]
[www.12306.cn/index/fonts/iconfont716f.ttf]
[www.12306.cn/index/fonts/iconfont.css]
[www.12306.cn/index/images/line01.png]
[www.12306.cn/index/images/line01@2x.png]
[www.12306.cn/index/images/service.png]
[www.12306.cn/index/images/service@2x.png]
[www.12306.cn/index/images/check.png]
[www.12306.cn/index/images/check@2x.png]
[www.12306.cn/index/images/bg-train.png]
[www.12306.cn/index/images/bg-train@2x.png]
[www.12306.cn/index/images/loading3.gif]
[www.12306.cn/index/images/error.png]
[www.12306.cn/index/images/to01.png]
[www.12306.cn/index/images/to01@2x.png]
[www.12306.cn/index/images/to02.png]
[www.12306.cn/index/images/to02@2x.png]
[www.12306.cn/index/images/logo.png]
[www.12306.cn/index/images/logo@2x.png]
[www.12306.cn/index/images/train.png]
[www.12306.cn/index/images/train@2x.png]
[www.12306.cn/index/images/img_new.png]
[www.12306.cn/index/css/index_y_v50003.css]
[www.shike.org.cn/imge/11.html]
